Using pre-set license
Built from '2023.2/staging' branch; Version is '2023.2.20f1 (0e25a174756c) revision 927137'; Using compiler version '193431935'; Build Type 'Release'
OS: 'Windows 10  (10.0.19045) 64bit Professional' Language: 'en' Physical Memory: 16335 MB
BatchMode: 1, IsHumanControllingUs: 0, StartBugReporterOnCrash: 0, Is64bit: 1, IsPro: 1

COMMAND LINE ARGUMENTS:
F:\Programs\Unity\2023.2.20f1\Editor\Unity.exe
-adb2
-batchMode
-noUpm
-name
AssetImportWorker8
-projectPath
F:/Users/Nyx/QUT F Drive/Year 4/IGB101/Assignment_3/IGB101_MShaw_A3
-logFile
Logs/AssetImportWorker8.log
-srvPort
60800
-job-worker-count
5
-background-job-worker-count
8
-asset-garbage-collectors
1
Successfully changed project path to: F:/Users/Nyx/QUT F Drive/Year 4/IGB101/Assignment_3/IGB101_MShaw_A3
F:/Users/Nyx/QUT F Drive/Year 4/IGB101/Assignment_3/IGB101_MShaw_A3
[UnityMemory] Configuration Parameters - Can be set up in boot.config
    "memorysetup-bucket-allocator-granularity=16"
    "memorysetup-bucket-allocator-bucket-count=8"
    "memorysetup-bucket-allocator-block-size=33554432"
    "memorysetup-bucket-allocator-block-count=8"
    "memorysetup-main-allocator-block-size=16777216"
    "memorysetup-thread-allocator-block-size=16777216"
    "memorysetup-gfx-main-allocator-block-size=16777216"
    "memorysetup-gfx-thread-allocator-block-size=16777216"
    "memorysetup-cache-allocator-block-size=4194304"
    "memorysetup-typetree-allocator-block-size=2097152"
    "memorysetup-profiler-bucket-allocator-granularity=16"
    "memorysetup-profiler-bucket-allocator-bucket-count=8"
    "memorysetup-profiler-bucket-allocator-block-size=33554432"
    "memorysetup-profiler-bucket-allocator-block-count=8"
    "memorysetup-profiler-allocator-block-size=16777216"
    "memorysetup-profiler-editor-allocator-block-size=1048576"
    "memorysetup-temp-allocator-size-main=16777216"
    "memorysetup-job-temp-allocator-block-size=2097152"
    "memorysetup-job-temp-allocator-block-size-background=1048576"
    "memorysetup-job-temp-allocator-reduction-small-platforms=262144"
    "memorysetup-allocator-temp-initial-block-size-main=262144"
    "memorysetup-allocator-temp-initial-block-size-worker=262144"
    "memorysetup-temp-allocator-size-background-worker=32768"
    "memorysetup-temp-allocator-size-job-worker=262144"
    "memorysetup-temp-allocator-size-preload-manager=33554432"
    "memorysetup-temp-allocator-size-nav-mesh-worker=65536"
    "memorysetup-temp-allocator-size-audio-worker=65536"
    "memorysetup-temp-allocator-size-cloud-worker=32768"
    "memorysetup-temp-allocator-size-gi-baking-worker=262144"
    "memorysetup-temp-allocator-size-gi-baking-worker=262144"
    "memorysetup-temp-allocator-size-gi-baking-worker=262144"
    "memorysetup-temp-allocator-size-gi-baking-worker=262144"
    "memorysetup-temp-allocator-size-gfx=262144"
Player connection [30404] Host "[IP] 192.168.0.45 [Port] 0 [Flags] 2 [Guid] 2713155612 [EditorId] 2713155612 [Version] 1048832 [Id] WindowsEditor(7,DESKTOP-4IQ5BTU) [Debug] 1 [PackageName] WindowsEditor [ProjectName] Editor" joined multi-casting on [225.0.0.222:54997]...
Player connection [30404] Host "[IP] 192.168.0.45 [Port] 0 [Flags] 2 [Guid] 2713155612 [EditorId] 2713155612 [Version] 1048832 [Id] WindowsEditor(7,DESKTOP-4IQ5BTU) [Debug] 1 [PackageName] WindowsEditor [ProjectName] Editor" joined alternative multi-casting on [225.0.0.222:34997]...
JobSystem: Creating JobQueue using job-worker-count value 5
[Physics::Module] Initialized MultithreadedJobDispatcher with 5 workers.
Library Redirect Path: Library/
Refreshing native plugins compatible for Editor in 2.14 ms, found 3 plugins.
Preloading 0 native plugins for Editor in 0.00 ms.
Initialize engine version: 2023.2.20f1 (0e25a174756c)
[Subsystems] Discovering subsystems at path F:/Programs/Unity/2023.2.20f1/Editor/Data/Resources/UnitySubsystems
[Subsystems] Discovering subsystems at path F:/Users/Nyx/QUT F Drive/Year 4/IGB101/Assignment_3/IGB101_MShaw_A3/Assets
GfxDevice: creating device client; kGfxThreadingModeNonThreaded
Direct3D:
    Version:  Direct3D 11.0 [level 11.1]
    Renderer: NVIDIA GeForce GTX 1060 6GB (ID=0x1c03)
    Vendor:   NVIDIA
    VRAM:     6029 MB
    Driver:   32.0.15.6094
Initialize mono
Mono path[0] = 'F:/Programs/Unity/2023.2.20f1/Editor/Data/Managed'
Mono path[1] = 'F:/Programs/Unity/2023.2.20f1/Editor/Data/MonoBleedingEdge/lib/mono/unityjit-win32'
Mono config path = 'F:/Programs/Unity/2023.2.20f1/Editor/Data/MonoBleedingEdge/etc'
Using monoOptions --debugger-agent=transport=dt_socket,embedding=1,server=y,suspend=n,address=127.0.0.1:56652
Begin MonoManager ReloadAssembly
Registering precompiled unity dll's ...
Register platform support module: F:/Programs/Unity/2023.2.20f1/Editor/Data/PlaybackEngines/WindowsStandaloneSupport/UnityEditor.WindowsStandalone.Extensions.dll
Registered in 0.003680 seconds.
- Loaded All Assemblies, in  0.567 seconds
Native extension for WindowsStandalone target not found
Mono: successfully reloaded assembly
- Finished resetting the current domain, in  0.413 seconds
Domain Reload Profiling: 979ms
	BeginReloadAssembly (217ms)
		ExecutionOrderSort (0ms)
		DisableScriptedObjects (0ms)
		BackupInstance (0ms)
		ReleaseScriptingObjects (0ms)
		CreateAndSetChildDomain (1ms)
	RebuildCommonClasses (53ms)
	RebuildNativeTypeToScriptingClass (18ms)
	initialDomainReloadingComplete (60ms)
	LoadAllAssembliesAndSetupDomain (217ms)
		LoadAssemblies (216ms)
		RebuildTransferFunctionScriptingTraits (0ms)
		AnalyzeDomain (213ms)
			TypeCache.Refresh (211ms)
				TypeCache.ScanAssembly (196ms)
			BuildScriptInfoCaches (0ms)
			ResolveRequiredComponents (1ms)
	FinalizeReload (413ms)
		ReleaseScriptCaches (0ms)
		RebuildScriptCaches (0ms)
		SetupLoadedEditorAssemblies (332ms)
			LogAssemblyErrors (0ms)
			InitializePlatformSupportModulesInManaged (11ms)
			SetLoadedEditorAssemblies (6ms)
			BeforeProcessingInitializeOnLoad (7ms)
			ProcessInitializeOnLoadAttributes (245ms)
			ProcessInitializeOnLoadMethodAttributes (63ms)
			AfterProcessingInitializeOnLoad (0ms)
			EditorAssembliesLoaded (0ms)
		ExecutionOrderSort2 (0ms)
		AwakeInstancesAfterBackupRestoration (0ms)
========================================================================
Worker process is ready to serve import requests
Import Worker Mode flag is 0x00
Begin MonoManager ReloadAssembly
Symbol file LoadedFromMemory doesn't match image F:\Users\Nyx\QUT F Drive\Year 4\IGB101\Assignment_3\IGB101_MShaw_A3\Library\PackageCache\com.unity.visualscripting@1.8.0\Editor\VisualScripting.Core\Dependencies\YamlDotNet\Unity.VisualScripting.YamlDotNet.dll
Symbol file LoadedFromMemory doesn't match image F:\Users\Nyx\QUT F Drive\Year 4\IGB101\Assignment_3\IGB101_MShaw_A3\Library\PackageCache\com.unity.visualscripting@1.8.0\Editor\VisualScripting.Core\Dependencies\DotNetZip\Unity.VisualScripting.IonicZip.dll
- Loaded All Assemblies, in  1.436 seconds
Refreshing native plugins compatible for Editor in 1.06 ms, found 3 plugins.
Native extension for WindowsStandalone target not found
Mono: successfully reloaded assembly
- Finished resetting the current domain, in  0.938 seconds
Domain Reload Profiling: 2372ms
	BeginReloadAssembly (599ms)
		ExecutionOrderSort (0ms)
		DisableScriptedObjects (9ms)
		BackupInstance (0ms)
		ReleaseScriptingObjects (0ms)
		CreateAndSetChildDomain (35ms)
	RebuildCommonClasses (52ms)
	RebuildNativeTypeToScriptingClass (17ms)
	initialDomainReloadingComplete (61ms)
	LoadAllAssembliesAndSetupDomain (705ms)
		LoadAssemblies (515ms)
		RebuildTransferFunctionScriptingTraits (0ms)
		AnalyzeDomain (369ms)
			TypeCache.Refresh (312ms)
				TypeCache.ScanAssembly (294ms)
			BuildScriptInfoCaches (47ms)
			ResolveRequiredComponents (6ms)
	FinalizeReload (939ms)
		ReleaseScriptCaches (0ms)
		RebuildScriptCaches (0ms)
		SetupLoadedEditorAssemblies (664ms)
			LogAssemblyErrors (0ms)
			InitializePlatformSupportModulesInManaged (3ms)
			SetLoadedEditorAssemblies (6ms)
			BeforeProcessingInitializeOnLoad (82ms)
			ProcessInitializeOnLoadAttributes (528ms)
			ProcessInitializeOnLoadMethodAttributes (42ms)
			AfterProcessingInitializeOnLoad (3ms)
			EditorAssembliesLoaded (0ms)
		ExecutionOrderSort2 (0ms)
		AwakeInstancesAfterBackupRestoration (14ms)
Launched and connected shader compiler UnityShaderCompiler.exe after 0.01 seconds
Refreshing native plugins compatible for Editor in 1.30 ms, found 3 plugins.
Preloading 0 native plugins for Editor in 0.00 ms.
Unloading 110 Unused Serialized files (Serialized files now loaded: 0)
Unloading 5497 unused Assets / (6.4 MB). Loaded Objects now: 6111.
Memory consumption went from 152.0 MB to 145.6 MB.
Total: 9.826200 ms (FindLiveObjects: 0.866600 ms CreateObjectMapping: 0.362900 ms MarkObjects: 5.710300 ms  DeleteObjects: 2.884200 ms)

========================================================================
Received Import Request.
  Time since last request: 22445.099253 seconds.
  path: Assets/Models & Prefabs/Models/Downloaded_Assets/ithappy/Animals_FREE/Meshes/Tiger_001 1.controller
  artifactKey: Guid(b28edba9f19399944b98d64613932eba) Importer(815301076,1909f56bfc062723c751e8b465ee728b)
Start importing Assets/Models & Prefabs/Models/Downloaded_Assets/ithappy/Animals_FREE/Meshes/Tiger_001 1.controller using Guid(b28edba9f19399944b98d64613932eba) Importer(815301076,1909f56bfc062723c751e8b465ee728b) (PreviewImporter) -> (artifact id: 'a84968e9c8f34b81b92a42a99b567dd8') in 0.0271212 seconds
Number of updated asset objects reloaded before import = 0Number of asset objects unloaded after import = 4

========================================================================
Received Import Request.
  Time since last request: 5.394104 seconds.
  path: Assets/Models & Prefabs/Models/Downloaded_Assets/ithappy/Animals_FREE/Meshes/Tiger_001 2.controller
  artifactKey: Guid(8b93ee20f9674d944b0cd2a51b7c1a2f) Importer(815301076,1909f56bfc062723c751e8b465ee728b)
Start importing Assets/Models & Prefabs/Models/Downloaded_Assets/ithappy/Animals_FREE/Meshes/Tiger_001 2.controller using Guid(8b93ee20f9674d944b0cd2a51b7c1a2f) Importer(815301076,1909f56bfc062723c751e8b465ee728b) (PreviewImporter) -> (artifact id: '2e4618e69bd85367f957fb8458762f6b') in 0.0019565 seconds
Number of updated asset objects reloaded before import = 0Number of asset objects unloaded after import = 4

========================================================================
Received Import Request.
  Time since last request: 9.690066 seconds.
  path: Assets/Models & Prefabs/Models/Downloaded_Assets/ithappy/Animals_FREE/Meshes/Tiger_001.controller
  artifactKey: Guid(8b93ee20f9674d944b0cd2a51b7c1a2f) Importer(815301076,1909f56bfc062723c751e8b465ee728b)
Start importing Assets/Models & Prefabs/Models/Downloaded_Assets/ithappy/Animals_FREE/Meshes/Tiger_001.controller using Guid(8b93ee20f9674d944b0cd2a51b7c1a2f) Importer(815301076,1909f56bfc062723c751e8b465ee728b) (PreviewImporter) -> (artifact id: 'ce75aa05621facb21dcc53c8e4ee9192') in 0.0020138 seconds
Number of updated asset objects reloaded before import = 0Number of asset objects unloaded after import = 4

========================================================================
Received Import Request.
  Time since last request: 198.511373 seconds.
  path: Assets/Models & Prefabs/Models/Downloaded_Assets/ithappy/Animals_FREE/Meshes/Tiger_001.fbx
  artifactKey: Guid(8739604ff156c91408e3f6352de03dbc) Importer(815301076,1909f56bfc062723c751e8b465ee728b)
Start importing Assets/Models & Prefabs/Models/Downloaded_Assets/ithappy/Animals_FREE/Meshes/Tiger_001.fbx using Guid(8739604ff156c91408e3f6352de03dbc) Importer(815301076,1909f56bfc062723c751e8b465ee728b) (PreviewImporter) -> (artifact id: '4beb5377c9fb57efc9fef21dc9dcd745') in 0.1501075 seconds
Number of updated asset objects reloaded before import = 0Number of asset objects unloaded after import = 79

========================================================================
Received Import Request.
  Time since last request: 82.498497 seconds.
  path: Assets/Models & Prefabs/Models/Downloaded_Assets/ithappy/Animals_FREE/Meshes/Tiger_001 2.fbx
  artifactKey: Guid(1d792429defd0824bb0d4a52a0e2e2f8) Importer(815301076,1909f56bfc062723c751e8b465ee728b)
Start importing Assets/Models & Prefabs/Models/Downloaded_Assets/ithappy/Animals_FREE/Meshes/Tiger_001 2.fbx using Guid(1d792429defd0824bb0d4a52a0e2e2f8) Importer(815301076,1909f56bfc062723c751e8b465ee728b) (PreviewImporter) -> (artifact id: '2797fee679db9f95f38ad00a9b98f65d') in 0.0370315 seconds
Number of updated asset objects reloaded before import = 0Number of asset objects unloaded after import = 79

========================================================================
Received Import Request.
  Time since last request: 12.422944 seconds.
  path: Assets/Models & Prefabs/Models/Downloaded_Assets/ithappy/Animals_FREE/Materials/Floor.mat
  artifactKey: Guid(a42d0a41996709f4481bb3916527363e) Importer(815301076,1909f56bfc062723c751e8b465ee728b)
Start importing Assets/Models & Prefabs/Models/Downloaded_Assets/ithappy/Animals_FREE/Materials/Floor.mat using Guid(a42d0a41996709f4481bb3916527363e) Importer(815301076,1909f56bfc062723c751e8b465ee728b) (PreviewImporter) -> (artifact id: '21cab8b913b8b445ae7b1445cf9f8791') in 0.0476509 seconds
Number of updated asset objects reloaded before import = 0Number of asset objects unloaded after import = 1

========================================================================
Received Import Request.
  Time since last request: 0.000032 seconds.
  path: Assets/Models & Prefabs/Models/Downloaded_Assets/ithappy/Animals_FREE/Materials/Tiger_3.mat
  artifactKey: Guid(0726c1f9e84aa804591f73689409fddc) Importer(815301076,1909f56bfc062723c751e8b465ee728b)
Start importing Assets/Models & Prefabs/Models/Downloaded_Assets/ithappy/Animals_FREE/Materials/Tiger_3.mat using Guid(0726c1f9e84aa804591f73689409fddc) Importer(815301076,1909f56bfc062723c751e8b465ee728b) (PreviewImporter) -> (artifact id: '7c14d7dd31d2e8111707e5e1af3ac1ef') in 0.0224455 seconds
Number of updated asset objects reloaded before import = 0Number of asset objects unloaded after import = 2

========================================================================
Received Import Request.
  Time since last request: 0.000030 seconds.
  path: Assets/Models & Prefabs/Models/Downloaded_Assets/ithappy/Animals_FREE/Materials/Material Variant Variant.mat
  artifactKey: Guid(7d40ffe4f81b312468a2d49d10682cfb) Importer(815301076,1909f56bfc062723c751e8b465ee728b)
Start importing Assets/Models & Prefabs/Models/Downloaded_Assets/ithappy/Animals_FREE/Materials/Material Variant Variant.mat using Guid(7d40ffe4f81b312468a2d49d10682cfb) Importer(815301076,1909f56bfc062723c751e8b465ee728b) (PreviewImporter) -> (artifact id: '4c78638b41fb973a7c61ccd097d26dc3') in 0.0449887 seconds
Number of updated asset objects reloaded before import = 0Number of asset objects unloaded after import = 4

========================================================================
Received Import Request.
  Time since last request: 0.000027 seconds.
  path: Assets/Models & Prefabs/Models/Downloaded_Assets/ithappy/Animals_FREE/Materials/Material Variant.mat
  artifactKey: Guid(8a9429a3d6b015143833821b17ea2b38) Importer(815301076,1909f56bfc062723c751e8b465ee728b)
Start importing Assets/Models & Prefabs/Models/Downloaded_Assets/ithappy/Animals_FREE/Materials/Material Variant.mat using Guid(8a9429a3d6b015143833821b17ea2b38) Importer(815301076,1909f56bfc062723c751e8b465ee728b) (PreviewImporter) -> (artifact id: '8f6d020798770fc8d1bdb67386e44001') in 0.0216145 seconds
Number of updated asset objects reloaded before import = 0Number of asset objects unloaded after import = 3

========================================================================
Received Import Request.
  Time since last request: 6.141718 seconds.
  path: Assets/Models & Prefabs/Models/Downloaded_Assets/ithappy/Animals_FREE/Materials/Material 1.mat
  artifactKey: Guid(3e7bb4b1bcf84bb40a66ec58833b06df) Importer(815301076,1909f56bfc062723c751e8b465ee728b)
Start importing Assets/Models & Prefabs/Models/Downloaded_Assets/ithappy/Animals_FREE/Materials/Material 1.mat using Guid(3e7bb4b1bcf84bb40a66ec58833b06df) Importer(815301076,1909f56bfc062723c751e8b465ee728b) (PreviewImporter) -> (artifact id: 'bfe95ffd06ab26d2d5f85ce5eb875321') in 0.0175299 seconds
Number of updated asset objects reloaded before import = 0Number of asset objects unloaded after import = 2

========================================================================
Received Import Request.
  Time since last request: 9.008038 seconds.
  path: Assets/Models & Prefabs/Models/Downloaded_Assets/ithappy/Animals_FREE/Materials/Tiger_2.mat
  artifactKey: Guid(3e7bb4b1bcf84bb40a66ec58833b06df) Importer(815301076,1909f56bfc062723c751e8b465ee728b)
Start importing Assets/Models & Prefabs/Models/Downloaded_Assets/ithappy/Animals_FREE/Materials/Tiger_2.mat using Guid(3e7bb4b1bcf84bb40a66ec58833b06df) Importer(815301076,1909f56bfc062723c751e8b465ee728b) (PreviewImporter) -> (artifact id: '98c106bfc13906870a57274e77f11811') in 0.0186565 seconds
Number of updated asset objects reloaded before import = 0Number of asset objects unloaded after import = 2

========================================================================
Received Import Request.
  Time since last request: 74.450305 seconds.
  path: Assets/Models & Prefabs/Models/Downloaded_Assets/ithappy/Animals_FREE/Meshes/Tiger_002.fbx
  artifactKey: Guid(1d792429defd0824bb0d4a52a0e2e2f8) Importer(815301076,1909f56bfc062723c751e8b465ee728b)
Start importing Assets/Models & Prefabs/Models/Downloaded_Assets/ithappy/Animals_FREE/Meshes/Tiger_002.fbx using Guid(1d792429defd0824bb0d4a52a0e2e2f8) Importer(815301076,1909f56bfc062723c751e8b465ee728b) (PreviewImporter) -> (artifact id: 'b6c11e97f53708f4a13962840c76cb5e') in 0.0298642 seconds
Number of updated asset objects reloaded before import = 0Number of asset objects unloaded after import = 79

========================================================================
Received Import Request.
  Time since last request: 4.390168 seconds.
  path: Assets/Models & Prefabs/Models/Downloaded_Assets/Awesome_Lamp_Collection/Materials/Lamp_17/Lamp_17.2.mat
  artifactKey: Guid(043a6108e94fc4242a1f2bbda9bb5c92) Importer(815301076,1909f56bfc062723c751e8b465ee728b)
Start importing Assets/Models & Prefabs/Models/Downloaded_Assets/Awesome_Lamp_Collection/Materials/Lamp_17/Lamp_17.2.mat using Guid(043a6108e94fc4242a1f2bbda9bb5c92) Importer(815301076,1909f56bfc062723c751e8b465ee728b) (PreviewImporter) -> (artifact id: 'f20aa5cb51d49b7314924942d46f9aa9') in 0.1660024 seconds
Number of updated asset objects reloaded before import = 0Number of asset objects unloaded after import = 1

========================================================================
Received Import Request.
  Time since last request: 0.000032 seconds.
  path: Assets/Models & Prefabs/Models/Downloaded_Assets/Floreswa/Materials/Light Brown.mat
  artifactKey: Guid(8d3fb2b7b2efad44f9324aafa8ec532b) Importer(815301076,1909f56bfc062723c751e8b465ee728b)
Start importing Assets/Models & Prefabs/Models/Downloaded_Assets/Floreswa/Materials/Light Brown.mat using Guid(8d3fb2b7b2efad44f9324aafa8ec532b) Importer(815301076,1909f56bfc062723c751e8b465ee728b) (PreviewImporter) -> (artifact id: '6713f1186c146206a0b60e517a9ba9de') in 0.010387 seconds
Number of updated asset objects reloaded before import = 0Number of asset objects unloaded after import = 1

========================================================================
Received Import Request.
  Time since last request: 0.000031 seconds.
  path: Assets/Models & Prefabs/Models/Downloaded_Assets/Floreswa/Materials/Tan.mat
  artifactKey: Guid(96724c488180381459e2c49ddbc11a41) Importer(815301076,1909f56bfc062723c751e8b465ee728b)
Start importing Assets/Models & Prefabs/Models/Downloaded_Assets/Floreswa/Materials/Tan.mat using Guid(96724c488180381459e2c49ddbc11a41) Importer(815301076,1909f56bfc062723c751e8b465ee728b) (PreviewImporter) -> (artifact id: 'f237769b704a801ae121558c193e8f31') in 0.0107991 seconds
Number of updated asset objects reloaded before import = 0Number of asset objects unloaded after import = 1

========================================================================
Received Import Request.
  Time since last request: 0.000036 seconds.
  path: Assets/Models & Prefabs/Models/Downloaded_Assets/Awesome_Lamp_Collection/Materials/Lamp_20/Lamp_20.4.mat
  artifactKey: Guid(dd9cb3be0b1967f40bd46d7ae6d6ff65) Importer(815301076,1909f56bfc062723c751e8b465ee728b)
Start importing Assets/Models & Prefabs/Models/Downloaded_Assets/Awesome_Lamp_Collection/Materials/Lamp_20/Lamp_20.4.mat using Guid(dd9cb3be0b1967f40bd46d7ae6d6ff65) Importer(815301076,1909f56bfc062723c751e8b465ee728b) (PreviewImporter) -> (artifact id: '1ba3f14985957c50308803a08e87fa7e') in 0.0107356 seconds
Number of updated asset objects reloaded before import = 0Number of asset objects unloaded after import = 1

========================================================================
Received Import Request.
  Time since last request: 0.000024 seconds.
  path: Assets/Models & Prefabs/Models/Downloaded_Assets/DungeonModularPack/Meshes/Pillar_A.fbx
  artifactKey: Guid(6960f8470214d0e4793b0100d7775dcb) Importer(815301076,1909f56bfc062723c751e8b465ee728b)
Start importing Assets/Models & Prefabs/Models/Downloaded_Assets/DungeonModularPack/Meshes/Pillar_A.fbx using Guid(6960f8470214d0e4793b0100d7775dcb) Importer(815301076,1909f56bfc062723c751e8b465ee728b) (PreviewImporter) -> (artifact id: 'e65380cfdd302b98c8cf98bf71f0d13d') in 0.051613 seconds
Number of updated asset objects reloaded before import = 0Number of asset objects unloaded after import = 9

========================================================================
Received Import Request.
  Time since last request: 0.000024 seconds.
  path: Assets/Models & Prefabs/Models/Downloaded_Assets/Korea_TreasureProps/Materials/M_083_Kettle_Lid.mat
  artifactKey: Guid(abc00000000005485694283853308056) Importer(815301076,1909f56bfc062723c751e8b465ee728b)
Start importing Assets/Models & Prefabs/Models/Downloaded_Assets/Korea_TreasureProps/Materials/M_083_Kettle_Lid.mat using Guid(abc00000000005485694283853308056) Importer(815301076,1909f56bfc062723c751e8b465ee728b) (PreviewImporter) -> (artifact id: 'ea29f8d0b131e145645587bb8cfcfda3') in 0.0731228 seconds
Number of updated asset objects reloaded before import = 0Number of asset objects unloaded after import = 5

========================================================================
Received Import Request.
  Time since last request: 0.000020 seconds.
  path: Assets/TextMesh Pro/Resources/Fonts & Materials/LiberationSans SDF - Fallback.asset
  artifactKey: Guid(2e498d1c8094910479dc3e1b768306a4) Importer(815301076,1909f56bfc062723c751e8b465ee728b)
Start importing Assets/TextMesh Pro/Resources/Fonts & Materials/LiberationSans SDF - Fallback.asset using Guid(2e498d1c8094910479dc3e1b768306a4) Importer(815301076,1909f56bfc062723c751e8b465ee728b) (PreviewImporter) -> (artifact id: '507186e436703be2ee30174468941140') in 0.0655062 seconds
Number of updated asset objects reloaded before import = 0Number of asset objects unloaded after import = 6

========================================================================
Received Import Request.
  Time since last request: 0.000039 seconds.
  path: Assets/Models & Prefabs/Models/Downloaded_Assets/DungeonModularPack/Materials/M_Tile.mat
  artifactKey: Guid(6fea00e2bb949774490a2196bed36fe5) Importer(815301076,1909f56bfc062723c751e8b465ee728b)
Start importing Assets/Models & Prefabs/Models/Downloaded_Assets/DungeonModularPack/Materials/M_Tile.mat using Guid(6fea00e2bb949774490a2196bed36fe5) Importer(815301076,1909f56bfc062723c751e8b465ee728b) (PreviewImporter) -> (artifact id: '8a4c4881a75a62a5c93bfde1ccac818e') in 0.0808664 seconds
Number of updated asset objects reloaded before import = 0Number of asset objects unloaded after import = 4

========================================================================
Received Import Request.
  Time since last request: 0.000032 seconds.
  path: Assets/Models & Prefabs/Models/Downloaded_Assets/Awesome_Lamp_Collection/Modells/Materials/Lamp_20.mat
  artifactKey: Guid(a449b60620e9f3749b854f422e3b7279) Importer(815301076,1909f56bfc062723c751e8b465ee728b)
Start importing Assets/Models & Prefabs/Models/Downloaded_Assets/Awesome_Lamp_Collection/Modells/Materials/Lamp_20.mat using Guid(a449b60620e9f3749b854f422e3b7279) Importer(815301076,1909f56bfc062723c751e8b465ee728b) (PreviewImporter) -> (artifact id: '4242dbed07e95a927a8d555ae3db5d7d') in 0.0196118 seconds
Number of updated asset objects reloaded before import = 0Number of asset objects unloaded after import = 1

========================================================================
Received Import Request.
  Time since last request: 0.000026 seconds.
  path: Assets/Models & Prefabs/Models/Downloaded_Assets/Floreswa/Models/sofa.fbx
  artifactKey: Guid(a5ebcec52e1b4944a89da9c25bc49e91) Importer(815301076,1909f56bfc062723c751e8b465ee728b)
Start importing Assets/Models & Prefabs/Models/Downloaded_Assets/Floreswa/Models/sofa.fbx using Guid(a5ebcec52e1b4944a89da9c25bc49e91) Importer(815301076,1909f56bfc062723c751e8b465ee728b) (PreviewImporter) -> (artifact id: 'f5edab0f3c69a1485d6ae55629ea0a64') in 0.045615 seconds
Number of updated asset objects reloaded before import = 0Number of asset objects unloaded after import = 9

========================================================================
Received Import Request.
  Time since last request: 0.000028 seconds.
  path: Assets/Models & Prefabs/Models/Downloaded_Assets/DungeonModularPack/Materials/T_Wall_N.mat
  artifactKey: Guid(b79150b9573e3db42aa0bc5359f721ff) Importer(815301076,1909f56bfc062723c751e8b465ee728b)
Start importing Assets/Models & Prefabs/Models/Downloaded_Assets/DungeonModularPack/Materials/T_Wall_N.mat using Guid(b79150b9573e3db42aa0bc5359f721ff) Importer(815301076,1909f56bfc062723c751e8b465ee728b) (PreviewImporter) -> (artifact id: '100e55bde3dcd55718ea3bc4e9f87304') in 0.0242363 seconds
Number of updated asset objects reloaded before import = 0Number of asset objects unloaded after import = 2

========================================================================
Received Import Request.
  Time since last request: 0.000029 seconds.
  path: Assets/Models & Prefabs/Models/Downloaded_Assets/Awesome_Lamp_Collection/Modells/Materials/Lamp_21.mat
  artifactKey: Guid(85fd845ef7d975b48a5310f0c7d5d566) Importer(815301076,1909f56bfc062723c751e8b465ee728b)
Start importing Assets/Models & Prefabs/Models/Downloaded_Assets/Awesome_Lamp_Collection/Modells/Materials/Lamp_21.mat using Guid(85fd845ef7d975b48a5310f0c7d5d566) Importer(815301076,1909f56bfc062723c751e8b465ee728b) (PreviewImporter) -> (artifact id: 'cd1178f366e06e724d60e42999b077d9') in 0.0132647 seconds
Number of updated asset objects reloaded before import = 0Number of asset objects unloaded after import = 1

========================================================================
Received Import Request.
  Time since last request: 0.000031 seconds.
  path: Assets/Models & Prefabs/Models/Downloaded_Assets/DungeonModularPack/Materials/M_Wall.mat
  artifactKey: Guid(5ed0d2292d0e45b4cb8d383137de813c) Importer(815301076,1909f56bfc062723c751e8b465ee728b)
Start importing Assets/Models & Prefabs/Models/Downloaded_Assets/DungeonModularPack/Materials/M_Wall.mat using Guid(5ed0d2292d0e45b4cb8d383137de813c) Importer(815301076,1909f56bfc062723c751e8b465ee728b) (PreviewImporter) -> (artifact id: '55fb1be971a6329e546050041ae48407') in 0.0289547 seconds
Number of updated asset objects reloaded before import = 0Number of asset objects unloaded after import = 4

========================================================================
Received Import Request.
  Time since last request: 0.000046 seconds.
  path: Assets/Models & Prefabs/Models/Downloaded_Assets/DungeonModularPack/Materials/T_Wall_C.mat
  artifactKey: Guid(031e04691d7c80a49b5f28d714b5afe9) Importer(815301076,1909f56bfc062723c751e8b465ee728b)
Start importing Assets/Models & Prefabs/Models/Downloaded_Assets/DungeonModularPack/Materials/T_Wall_C.mat using Guid(031e04691d7c80a49b5f28d714b5afe9) Importer(815301076,1909f56bfc062723c751e8b465ee728b) (PreviewImporter) -> (artifact id: 'db7640d5efa1cad78883cdf695d9d556') in 0.0563812 seconds
Number of updated asset objects reloaded before import = 0Number of asset objects unloaded after import = 4

========================================================================
Received Import Request.
  Time since last request: 0.000026 seconds.
  path: Assets/Models & Prefabs/Models/Downloaded_Assets/Korea_TreasureProps/Materials/M_009_Statue_of_the_Buddha.mat
  artifactKey: Guid(abc00000000005966814309214002593) Importer(815301076,1909f56bfc062723c751e8b465ee728b)
Start importing Assets/Models & Prefabs/Models/Downloaded_Assets/Korea_TreasureProps/Materials/M_009_Statue_of_the_Buddha.mat using Guid(abc00000000005966814309214002593) Importer(815301076,1909f56bfc062723c751e8b465ee728b) (PreviewImporter) -> (artifact id: 'b1a1ed7097e8a5ce69d1295ba45c6591') in 0.0871748 seconds
Number of updated asset objects reloaded before import = 0Number of asset objects unloaded after import = 5

========================================================================
Received Import Request.
  Time since last request: 0.000026 seconds.
  path: Assets/Models & Prefabs/Models/Downloaded_Assets/Floreswa/Materials/Orange.mat
  artifactKey: Guid(3b4c9bb2e61a941488a7b5ff9b4b0e84) Importer(815301076,1909f56bfc062723c751e8b465ee728b)
Start importing Assets/Models & Prefabs/Models/Downloaded_Assets/Floreswa/Materials/Orange.mat using Guid(3b4c9bb2e61a941488a7b5ff9b4b0e84) Importer(815301076,1909f56bfc062723c751e8b465ee728b) (PreviewImporter) -> (artifact id: 'a8bf98a47d576339b531ddbeae782bd4') in 0.0082531 seconds
Number of updated asset objects reloaded before import = 0Number of asset objects unloaded after import = 1

========================================================================
Received Import Request.
  Time since last request: 0.000050 seconds.
  path: Assets/Materials and Textures/Objects/Sign_base.mat
  artifactKey: Guid(c116d17c5ccc9aa4d821f45a2a37e8a3) Importer(815301076,1909f56bfc062723c751e8b465ee728b)
Start importing Assets/Materials and Textures/Objects/Sign_base.mat using Guid(c116d17c5ccc9aa4d821f45a2a37e8a3) Importer(815301076,1909f56bfc062723c751e8b465ee728b) (PreviewImporter) -> (artifact id: '3455d136fd012154f7bc78f468c3035f') in 0.0473001 seconds
Number of updated asset objects reloaded before import = 0Number of asset objects unloaded after import = 2

========================================================================
Received Import Request.
  Time since last request: 0.000025 seconds.
  path: Assets/Models & Prefabs/Models/Downloaded_Assets/DungeonModularPack/Materials/M_Pillar_A.mat
  artifactKey: Guid(bbad3fe44a0b0274aa3f9a13236504e4) Importer(815301076,1909f56bfc062723c751e8b465ee728b)
Start importing Assets/Models & Prefabs/Models/Downloaded_Assets/DungeonModularPack/Materials/M_Pillar_A.mat using Guid(bbad3fe44a0b0274aa3f9a13236504e4) Importer(815301076,1909f56bfc062723c751e8b465ee728b) (PreviewImporter) -> (artifact id: '71f06cd264f8402af3a3d2a2e75ee56d') in 0.0631772 seconds
Number of updated asset objects reloaded before import = 0Number of asset objects unloaded after import = 4

========================================================================
Received Import Request.
  Time since last request: 0.000025 seconds.
  path: Assets/Models & Prefabs/Models/Downloaded_Assets/Awesome_Lamp_Collection/Modells/Materials/Lamp_25.mat
  artifactKey: Guid(16a40b074df8a4847b654671e1c27f86) Importer(815301076,1909f56bfc062723c751e8b465ee728b)
Start importing Assets/Models & Prefabs/Models/Downloaded_Assets/Awesome_Lamp_Collection/Modells/Materials/Lamp_25.mat using Guid(16a40b074df8a4847b654671e1c27f86) Importer(815301076,1909f56bfc062723c751e8b465ee728b) (PreviewImporter) -> (artifact id: '9d06ab709164a300307b48d7911e2615') in 0.0110969 seconds
Number of updated asset objects reloaded before import = 0Number of asset objects unloaded after import = 1

========================================================================
Received Import Request.
  Time since last request: 0.000028 seconds.
  path: Assets/Models & Prefabs/Models/Downloaded_Assets/Wooden Double Door front handle entrance/Materials/M_door1_medium.mat
  artifactKey: Guid(f75b9676b86920144a639d08d72a5ec1) Importer(815301076,1909f56bfc062723c751e8b465ee728b)
Start importing Assets/Models & Prefabs/Models/Downloaded_Assets/Wooden Double Door front handle entrance/Materials/M_door1_medium.mat using Guid(f75b9676b86920144a639d08d72a5ec1) Importer(815301076,1909f56bfc062723c751e8b465ee728b) (PreviewImporter) -> (artifact id: 'c3579637648dfd2316c5b773376467c3') in 0.0901859 seconds
Number of updated asset objects reloaded before import = 0Number of asset objects unloaded after import = 4

========================================================================
Received Import Request.
  Time since last request: 0.000033 seconds.
  path: Assets/Materials and Textures/Downloaded/YughuesFreeGroundMaterials/Preview/M_checker.mat
  artifactKey: Guid(0a3d5cf0c15e01b41b2082cbd7ffee71) Importer(815301076,1909f56bfc062723c751e8b465ee728b)
Start importing Assets/Materials and Textures/Downloaded/YughuesFreeGroundMaterials/Preview/M_checker.mat using Guid(0a3d5cf0c15e01b41b2082cbd7ffee71) Importer(815301076,1909f56bfc062723c751e8b465ee728b) (PreviewImporter) -> (artifact id: '99d0a09f36215122117861386edde667') in 0.0364353 seconds
Number of updated asset objects reloaded before import = 0Number of asset objects unloaded after import = 2

========================================================================
Received Import Request.
  Time since last request: 0.000034 seconds.
  path: Assets/Models & Prefabs/Models/Downloaded_Assets/DungeonModularPack/Materials/M_Torch.mat
  artifactKey: Guid(4a3d9880a21ecb347a3ba5e4bab98af4) Importer(815301076,1909f56bfc062723c751e8b465ee728b)
Start importing Assets/Models & Prefabs/Models/Downloaded_Assets/DungeonModularPack/Materials/M_Torch.mat using Guid(4a3d9880a21ecb347a3ba5e4bab98af4) Importer(815301076,1909f56bfc062723c751e8b465ee728b) (PreviewImporter) -> (artifact id: 'c503eb8bb4de2689a8822b55dc07127b') in 0.0552609 seconds
Number of updated asset objects reloaded before import = 0Number of asset objects unloaded after import = 4

========================================================================
Received Import Request.
  Time since last request: 0.000022 seconds.
  path: Assets/Models & Prefabs/Models/Downloaded_Assets/OlegWER/SkeletonsFreeSet/Materials/Mi_02.mat
  artifactKey: Guid(80f18843f78b8034eac18e20a3247fd5) Importer(815301076,1909f56bfc062723c751e8b465ee728b)
Start importing Assets/Models & Prefabs/Models/Downloaded_Assets/OlegWER/SkeletonsFreeSet/Materials/Mi_02.mat using Guid(80f18843f78b8034eac18e20a3247fd5) Importer(815301076,1909f56bfc062723c751e8b465ee728b) (PreviewImporter) -> (artifact id: '35c625cb98495c402e132487ba04d365') in 0.0514967 seconds
Number of updated asset objects reloaded before import = 0Number of asset objects unloaded after import = 2

========================================================================
Received Import Request.
  Time since last request: 0.000031 seconds.
  path: Assets/Models & Prefabs/Models/Downloaded_Assets/DungeonModularPack/Materials/T_Wall_C_Short.mat
  artifactKey: Guid(e6953b5873fcb0140b7499a0958956c2) Importer(815301076,1909f56bfc062723c751e8b465ee728b)
Start importing Assets/Models & Prefabs/Models/Downloaded_Assets/DungeonModularPack/Materials/T_Wall_C_Short.mat using Guid(e6953b5873fcb0140b7499a0958956c2) Importer(815301076,1909f56bfc062723c751e8b465ee728b) (PreviewImporter) -> (artifact id: 'c342cb95833f79056ab701cb8569072a') in 0.0448705 seconds
Number of updated asset objects reloaded before import = 0Number of asset objects unloaded after import = 5

========================================================================
Received Import Request.
  Time since last request: 0.000026 seconds.
  path: Assets/Models & Prefabs/Models/Downloaded_Assets/DungeonModularPack/Materials/M_Arch_A.mat
  artifactKey: Guid(a78bae7c419ee824da495d5128d26260) Importer(815301076,1909f56bfc062723c751e8b465ee728b)
Start importing Assets/Models & Prefabs/Models/Downloaded_Assets/DungeonModularPack/Materials/M_Arch_A.mat using Guid(a78bae7c419ee824da495d5128d26260) Importer(815301076,1909f56bfc062723c751e8b465ee728b) (PreviewImporter) -> (artifact id: 'a5f3f327b2e85573b28b536b4421cd24') in 0.0399746 seconds
Number of updated asset objects reloaded before import = 0Number of asset objects unloaded after import = 4

========================================================================
Received Import Request.
  Time since last request: 0.000030 seconds.
  path: Assets/TextMesh Pro/Resources/Fonts & Materials/LiberationSans SDF - Drop Shadow.mat
  artifactKey: Guid(e73a58f6e2794ae7b1b7e50b7fb811b0) Importer(815301076,1909f56bfc062723c751e8b465ee728b)
Start importing Assets/TextMesh Pro/Resources/Fonts & Materials/LiberationSans SDF - Drop Shadow.mat using Guid(e73a58f6e2794ae7b1b7e50b7fb811b0) Importer(815301076,1909f56bfc062723c751e8b465ee728b) (PreviewImporter) -> (artifact id: '75f3cabf225609657ed17a5c4f925556') in 0.0408857 seconds
Number of updated asset objects reloaded before import = 0Number of asset objects unloaded after import = 2

========================================================================
Received Import Request.
  Time since last request: 0.000032 seconds.
  path: Assets/Models & Prefabs/Models/Downloaded_Assets/DungeonModularPack/Materials/M_Step_A.mat
  artifactKey: Guid(9122cafed12fb7c4c92eb4dc2a65b34c) Importer(815301076,1909f56bfc062723c751e8b465ee728b)
Start importing Assets/Models & Prefabs/Models/Downloaded_Assets/DungeonModularPack/Materials/M_Step_A.mat using Guid(9122cafed12fb7c4c92eb4dc2a65b34c) Importer(815301076,1909f56bfc062723c751e8b465ee728b) (PreviewImporter) -> (artifact id: '839aab26cea84790788dbf6044ddb445') in 0.0669116 seconds
Number of updated asset objects reloaded before import = 0Number of asset objects unloaded after import = 4

========================================================================
Received Import Request.
  Time since last request: 0.000040 seconds.
  path: Assets/Models & Prefabs/Models/Downloaded_Assets/Awesome_Lamp_Collection/Modells/Materials/Lamp_23.mat
  artifactKey: Guid(9147ec38ab1d9e54a81d815651192a3f) Importer(815301076,1909f56bfc062723c751e8b465ee728b)
Start importing Assets/Models & Prefabs/Models/Downloaded_Assets/Awesome_Lamp_Collection/Modells/Materials/Lamp_23.mat using Guid(9147ec38ab1d9e54a81d815651192a3f) Importer(815301076,1909f56bfc062723c751e8b465ee728b) (PreviewImporter) -> (artifact id: '2af8766cb8567572c90f23fbee264156') in 0.0102076 seconds
Number of updated asset objects reloaded before import = 0Number of asset objects unloaded after import = 1

========================================================================
Received Import Request.
  Time since last request: 0.000022 seconds.
  path: Assets/Models & Prefabs/Models/Downloaded_Assets/Korea_TreasureProps/Materials/M_057_Brick.mat
  artifactKey: Guid(abc00000000015011149496270309925) Importer(815301076,1909f56bfc062723c751e8b465ee728b)
Start importing Assets/Models & Prefabs/Models/Downloaded_Assets/Korea_TreasureProps/Materials/M_057_Brick.mat using Guid(abc00000000015011149496270309925) Importer(815301076,1909f56bfc062723c751e8b465ee728b) (PreviewImporter) -> (artifact id: 'bd578128847ea8ab36652bc00048cd83') in 0.0404834 seconds
Number of updated asset objects reloaded before import = 0Number of asset objects unloaded after import = 5

========================================================================
Received Import Request.
  Time since last request: 0.000025 seconds.
  path: Assets/Models & Prefabs/Models/Downloaded_Assets/Awesome_Lamp_Collection/Materials/Lamp_20/Lamp_20.2.mat
  artifactKey: Guid(ccbb2234308a9354596ce2ee38de4c8a) Importer(815301076,1909f56bfc062723c751e8b465ee728b)
Start importing Assets/Models & Prefabs/Models/Downloaded_Assets/Awesome_Lamp_Collection/Materials/Lamp_20/Lamp_20.2.mat using Guid(ccbb2234308a9354596ce2ee38de4c8a) Importer(815301076,1909f56bfc062723c751e8b465ee728b) (PreviewImporter) -> (artifact id: '1538391e283965200fb2bed2bdc93f52') in 0.0100354 seconds
Number of updated asset objects reloaded before import = 0Number of asset objects unloaded after import = 1

========================================================================
Received Import Request.
  Time since last request: 0.000026 seconds.
  path: Assets/Skybox/QMS - Cartoon Skybox Pack FREE/Materials/Sky0006_NightMoon.mat
  artifactKey: Guid(805095dec49e0b34cb91600677c99426) Importer(815301076,1909f56bfc062723c751e8b465ee728b)
Start importing Assets/Skybox/QMS - Cartoon Skybox Pack FREE/Materials/Sky0006_NightMoon.mat using Guid(805095dec49e0b34cb91600677c99426) Importer(815301076,1909f56bfc062723c751e8b465ee728b) (PreviewImporter) -> (artifact id: 'dfcca17604007de69e80933b9951a3b9') in 0.0545735 seconds
Number of updated asset objects reloaded before import = 0Number of asset objects unloaded after import = 2

========================================================================
Received Import Request.
  Time since last request: 0.000025 seconds.
  path: Assets/Models & Prefabs/Models/Downloaded_Assets/Awesome_Lamp_Collection/Modells/Materials/Lamp_22.mat
  artifactKey: Guid(bc47294b551b3bc4080611a07c80b8fd) Importer(815301076,1909f56bfc062723c751e8b465ee728b)
Start importing Assets/Models & Prefabs/Models/Downloaded_Assets/Awesome_Lamp_Collection/Modells/Materials/Lamp_22.mat using Guid(bc47294b551b3bc4080611a07c80b8fd) Importer(815301076,1909f56bfc062723c751e8b465ee728b) (PreviewImporter) -> (artifact id: '59acd6626aef3471d98d2ab095d2a169') in 0.0081114 seconds
Number of updated asset objects reloaded before import = 0Number of asset objects unloaded after import = 1

========================================================================
Received Import Request.
  Time since last request: 0.000054 seconds.
  path: Assets/Models & Prefabs/Models/Downloaded_Assets/OlegWER/SkeletonsFreeSet/Materials/Mi_01.mat
  artifactKey: Guid(5d972904521348c479dd1390ee168210) Importer(815301076,1909f56bfc062723c751e8b465ee728b)
Start importing Assets/Models & Prefabs/Models/Downloaded_Assets/OlegWER/SkeletonsFreeSet/Materials/Mi_01.mat using Guid(5d972904521348c479dd1390ee168210) Importer(815301076,1909f56bfc062723c751e8b465ee728b) (PreviewImporter) -> (artifact id: 'b9c66d9cca827a2550455c5fccaef450') in 0.0344373 seconds
Number of updated asset objects reloaded before import = 0Number of asset objects unloaded after import = 2

========================================================================
Received Import Request.
  Time since last request: 0.000023 seconds.
  path: Assets/Models & Prefabs/Models/Downloaded_Assets/Floreswa/Materials/Red.mat
  artifactKey: Guid(c5881095d223ea64eaee69693412f6a5) Importer(815301076,1909f56bfc062723c751e8b465ee728b)
Start importing Assets/Models & Prefabs/Models/Downloaded_Assets/Floreswa/Materials/Red.mat using Guid(c5881095d223ea64eaee69693412f6a5) Importer(815301076,1909f56bfc062723c751e8b465ee728b) (PreviewImporter) -> (artifact id: '37532773c0a4784dacfd0fdb48bf2efb') in 0.0100439 seconds
Number of updated asset objects reloaded before import = 0Number of asset objects unloaded after import = 1

========================================================================
Received Import Request.
  Time since last request: 0.000027 seconds.
  path: Assets/Models & Prefabs/Models/Downloaded_Assets/Korea_TreasureProps/Materials/M_067_Kettle.mat
  artifactKey: Guid(abc00000000007827593080103238453) Importer(815301076,1909f56bfc062723c751e8b465ee728b)
Start importing Assets/Models & Prefabs/Models/Downloaded_Assets/Korea_TreasureProps/Materials/M_067_Kettle.mat using Guid(abc00000000007827593080103238453) Importer(815301076,1909f56bfc062723c751e8b465ee728b) (PreviewImporter) -> (artifact id: '393e813fa228676446e4c683339b7b39') in 0.0374889 seconds
Number of updated asset objects reloaded before import = 0Number of asset objects unloaded after import = 5

========================================================================
Received Import Request.
  Time since last request: 0.000024 seconds.
  path: Assets/Models & Prefabs/Models/Downloaded_Assets/Awesome_Lamp_Collection/Materials/Lamp_20/Lamp_20.1.mat
  artifactKey: Guid(7266dcb3cf2b46f4b992cc10f7a28265) Importer(815301076,1909f56bfc062723c751e8b465ee728b)
Start importing Assets/Models & Prefabs/Models/Downloaded_Assets/Awesome_Lamp_Collection/Materials/Lamp_20/Lamp_20.1.mat using Guid(7266dcb3cf2b46f4b992cc10f7a28265) Importer(815301076,1909f56bfc062723c751e8b465ee728b) (PreviewImporter) -> (artifact id: 'da8acd5b2c45553bc8a2f86a08b4e504') in 0.0084779 seconds
Number of updated asset objects reloaded before import = 0Number of asset objects unloaded after import = 1

========================================================================
Received Import Request.
  Time since last request: 1.474501 seconds.
  path: Assets/Models & Prefabs/Models/Downloaded_Assets/Greek Statue/Materials/GreekStatue_LOD0.mat
  artifactKey: Guid(ab0dd7891947e1549bee08bafe1661cf) Importer(815301076,1909f56bfc062723c751e8b465ee728b)
Start importing Assets/Models & Prefabs/Models/Downloaded_Assets/Greek Statue/Materials/GreekStatue_LOD0.mat using Guid(ab0dd7891947e1549bee08bafe1661cf) Importer(815301076,1909f56bfc062723c751e8b465ee728b) (PreviewImporter) -> (artifact id: 'c53709f7be5fa11dc312384cc33abde2') in 0.0406391 seconds
Number of updated asset objects reloaded before import = 0Number of asset objects unloaded after import = 3

========================================================================
Received Import Request.
  Time since last request: 0.000021 seconds.
  path: Assets/Materials and Textures/Platform(Seemless_rock)/workshop_rock_material.mat
  artifactKey: Guid(c0799a0a4ac44e24bb12bf6a3fedd7fc) Importer(815301076,1909f56bfc062723c751e8b465ee728b)
Start importing Assets/Materials and Textures/Platform(Seemless_rock)/workshop_rock_material.mat using Guid(c0799a0a4ac44e24bb12bf6a3fedd7fc) Importer(815301076,1909f56bfc062723c751e8b465ee728b) (PreviewImporter) -> (artifact id: '301772dcd54be6aff2de9d91be4d5480') in 0.0368638 seconds
Number of updated asset objects reloaded before import = 0Number of asset objects unloaded after import = 3

========================================================================
Received Import Request.
  Time since last request: 0.000024 seconds.
  path: Assets/Models & Prefabs/Walls and Floors/Models/Stone/materials/Wall-Stone-Model-10.mat
  artifactKey: Guid(84adbdab398f5774c91098d795c84d1a) Importer(815301076,1909f56bfc062723c751e8b465ee728b)
Start importing Assets/Models & Prefabs/Walls and Floors/Models/Stone/materials/Wall-Stone-Model-10.mat using Guid(84adbdab398f5774c91098d795c84d1a) Importer(815301076,1909f56bfc062723c751e8b465ee728b) (PreviewImporter) -> (artifact id: '27e9293fd60451d613a203ad9ca7f802') in 0.0294593 seconds
Number of updated asset objects reloaded before import = 0Number of asset objects unloaded after import = 2

========================================================================
Received Import Request.
  Time since last request: 0.000023 seconds.
  path: Assets/Models & Prefabs/Walls and Floors/Models/Stone/materials/Wall-Stone-Model-09.mat
  artifactKey: Guid(f7a8c1022c77fff4790e0d707ccd91cb) Importer(815301076,1909f56bfc062723c751e8b465ee728b)
Start importing Assets/Models & Prefabs/Walls and Floors/Models/Stone/materials/Wall-Stone-Model-09.mat using Guid(f7a8c1022c77fff4790e0d707ccd91cb) Importer(815301076,1909f56bfc062723c751e8b465ee728b) (PreviewImporter) -> (artifact id: '42943da8b6e839e0e9d47ac182c3abbe') in 0.0324241 seconds
Number of updated asset objects reloaded before import = 0Number of asset objects unloaded after import = 2

========================================================================
Received Import Request.
  Time since last request: 0.000026 seconds.
  path: Assets/Materials and Textures/Platform(Seemless_rock)/workshop_rock_material Variant.mat
  artifactKey: Guid(ffc5e2fb238c76e489e8fcf8663721d0) Importer(815301076,1909f56bfc062723c751e8b465ee728b)
Start importing Assets/Materials and Textures/Platform(Seemless_rock)/workshop_rock_material Variant.mat using Guid(ffc5e2fb238c76e489e8fcf8663721d0) Importer(815301076,1909f56bfc062723c751e8b465ee728b) (PreviewImporter) -> (artifact id: '5f8d3601ac97f30ba633adb99f90f3ac') in 0.0249631 seconds
Number of updated asset objects reloaded before import = 0Number of asset objects unloaded after import = 4

========================================================================
Received Import Request.
  Time since last request: 0.000040 seconds.
  path: Assets/Models & Prefabs/Walls and Floors/Models/Stone/materials/Wall-Stone-Model-06.mat
  artifactKey: Guid(b97ac9058d8efce46a1ce11971dd49bb) Importer(815301076,1909f56bfc062723c751e8b465ee728b)
Start importing Assets/Models & Prefabs/Walls and Floors/Models/Stone/materials/Wall-Stone-Model-06.mat using Guid(b97ac9058d8efce46a1ce11971dd49bb) Importer(815301076,1909f56bfc062723c751e8b465ee728b) (PreviewImporter) -> (artifact id: '1ec703cd9115dff1c125be57d7385f2e') in 0.0326474 seconds
Number of updated asset objects reloaded before import = 0Number of asset objects unloaded after import = 2

========================================================================
Received Import Request.
  Time since last request: 0.000044 seconds.
  path: Assets/Models & Prefabs/Walls and Floors/Models/Stone/materials/Wall-Stone-Model-04.mat
  artifactKey: Guid(5d66cb4cf0d5ab54e8364c3f49894d76) Importer(815301076,1909f56bfc062723c751e8b465ee728b)
Start importing Assets/Models & Prefabs/Walls and Floors/Models/Stone/materials/Wall-Stone-Model-04.mat using Guid(5d66cb4cf0d5ab54e8364c3f49894d76) Importer(815301076,1909f56bfc062723c751e8b465ee728b) (PreviewImporter) -> (artifact id: 'edcd5ba3bd51177c68591461ea36dca2') in 0.039341 seconds
Number of updated asset objects reloaded before import = 0Number of asset objects unloaded after import = 2

========================================================================
Received Import Request.
  Time since last request: 0.000021 seconds.
  path: Assets/TextMesh Pro/Shaders/TMP_SDF-URP Lit.shadergraph
  artifactKey: Guid(a3d800b099a06e0478fb790c5e79057a) Importer(815301076,1909f56bfc062723c751e8b465ee728b)
Start importing Assets/TextMesh Pro/Shaders/TMP_SDF-URP Lit.shadergraph using Guid(a3d800b099a06e0478fb790c5e79057a) Importer(815301076,1909f56bfc062723c751e8b465ee728b) (PreviewImporter) -> (artifact id: '9cca0be7197f24cf24f8417b6db0f6d8') in 0.0089495 seconds
Number of updated asset objects reloaded before import = 0Number of asset objects unloaded after import = 2

========================================================================
Received Import Request.
  Time since last request: 0.000021 seconds.
  path: Assets/Models & Prefabs/Walls and Floors/Models/Stone/materials/Wall-Stone-Model-08.mat
  artifactKey: Guid(531ebf51a45f06748a01c51246b63597) Importer(815301076,1909f56bfc062723c751e8b465ee728b)
Start importing Assets/Models & Prefabs/Walls and Floors/Models/Stone/materials/Wall-Stone-Model-08.mat using Guid(531ebf51a45f06748a01c51246b63597) Importer(815301076,1909f56bfc062723c751e8b465ee728b) (PreviewImporter) -> (artifact id: 'e78d537ea474053fcf6a449e08913136') in 0.032537 seconds
Number of updated asset objects reloaded before import = 0Number of asset objects unloaded after import = 2

========================================================================
Received Import Request.
  Time since last request: 0.000027 seconds.
  path: Assets/Models & Prefabs/Walls and Floors/Models/Stone/materials/Wall-Stone-Model-07.mat
  artifactKey: Guid(4428709e021064748a4ade09197d9609) Importer(815301076,1909f56bfc062723c751e8b465ee728b)
Start importing Assets/Models & Prefabs/Walls and Floors/Models/Stone/materials/Wall-Stone-Model-07.mat using Guid(4428709e021064748a4ade09197d9609) Importer(815301076,1909f56bfc062723c751e8b465ee728b) (PreviewImporter) -> (artifact id: '3e106ffa5b10465e10dbbf12e1046281') in 0.0422851 seconds
Number of updated asset objects reloaded before import = 0Number of asset objects unloaded after import = 2

========================================================================
Received Import Request.
  Time since last request: 0.000024 seconds.
  path: Assets/Models & Prefabs/Walls and Floors/Models/Stone/materials/Wall-Stone-Model-01.mat
  artifactKey: Guid(2a14c57a69e73d74d86c75e7fe903485) Importer(815301076,1909f56bfc062723c751e8b465ee728b)
Start importing Assets/Models & Prefabs/Walls and Floors/Models/Stone/materials/Wall-Stone-Model-01.mat using Guid(2a14c57a69e73d74d86c75e7fe903485) Importer(815301076,1909f56bfc062723c751e8b465ee728b) (PreviewImporter) -> (artifact id: '4ac5cfd47ef4a30b195f77e5c518a16a') in 0.0336372 seconds
Number of updated asset objects reloaded before import = 0Number of asset objects unloaded after import = 2

========================================================================
Received Import Request.
  Time since last request: 0.007808 seconds.
  path: Assets/Models & Prefabs/Walls and Floors/Models/Wood/materials/floor_checker_tile.mat
  artifactKey: Guid(99a7f16ed8f78a7418373cbb4bf8aa04) Importer(815301076,1909f56bfc062723c751e8b465ee728b)
Start importing Assets/Models & Prefabs/Walls and Floors/Models/Wood/materials/floor_checker_tile.mat using Guid(99a7f16ed8f78a7418373cbb4bf8aa04) Importer(815301076,1909f56bfc062723c751e8b465ee728b) (PreviewImporter) -> (artifact id: '57a21a092ca7c95a21f306084b3a2052') in 0.0269144 seconds
Number of updated asset objects reloaded before import = 0Number of asset objects unloaded after import = 6

========================================================================
Received Prepare
Begin MonoManager ReloadAssembly
Symbol file LoadedFromMemory doesn't match image F:\Users\Nyx\QUT F Drive\Year 4\IGB101\Assignment_3\IGB101_MShaw_A3\Library\PackageCache\com.unity.visualscripting@1.8.0\Editor\VisualScripting.Core\Dependencies\YamlDotNet\Unity.VisualScripting.YamlDotNet.dll
Symbol file LoadedFromMemory doesn't match image F:\Users\Nyx\QUT F Drive\Year 4\IGB101\Assignment_3\IGB101_MShaw_A3\Library\PackageCache\com.unity.visualscripting@1.8.0\Editor\VisualScripting.Core\Dependencies\DotNetZip\Unity.VisualScripting.IonicZip.dll
- Loaded All Assemblies, in  0.998 seconds
Refreshing native plugins compatible for Editor in 1.12 ms, found 3 plugins.
Native extension for WindowsStandalone target not found
Mono: successfully reloaded assembly
- Finished resetting the current domain, in  0.853 seconds
Domain Reload Profiling: 1853ms
	BeginReloadAssembly (302ms)
		ExecutionOrderSort (0ms)
		DisableScriptedObjects (6ms)
		BackupInstance (0ms)
		ReleaseScriptingObjects (0ms)
		CreateAndSetChildDomain (61ms)
	RebuildCommonClasses (50ms)
	RebuildNativeTypeToScriptingClass (19ms)
	initialDomainReloadingComplete (40ms)
	LoadAllAssembliesAndSetupDomain (588ms)
		LoadAssemblies (539ms)
		RebuildTransferFunctionScriptingTraits (0ms)
		AnalyzeDomain (238ms)
			TypeCache.Refresh (8ms)
				TypeCache.ScanAssembly (0ms)
			BuildScriptInfoCaches (219ms)
			ResolveRequiredComponents (6ms)
	FinalizeReload (854ms)
		ReleaseScriptCaches (0ms)
		RebuildScriptCaches (0ms)
		SetupLoadedEditorAssemblies (587ms)
			LogAssemblyErrors (0ms)
			InitializePlatformSupportModulesInManaged (3ms)
			SetLoadedEditorAssemblies (5ms)
			BeforeProcessingInitializeOnLoad (66ms)
			ProcessInitializeOnLoadAttributes (471ms)
			ProcessInitializeOnLoadMethodAttributes (39ms)
			AfterProcessingInitializeOnLoad (3ms)
			EditorAssembliesLoaded (0ms)
		ExecutionOrderSort2 (0ms)
		AwakeInstancesAfterBackupRestoration (12ms)
Refreshing native plugins compatible for Editor in 1.27 ms, found 3 plugins.
Preloading 0 native plugins for Editor in 0.00 ms.
Unloading 31 Unused Serialized files (Serialized files now loaded: 0)
Unloading 5495 unused Assets / (7.2 MB). Loaded Objects now: 6161.
Memory consumption went from 147.0 MB to 139.8 MB.
Total: 13.478400 ms (FindLiveObjects: 0.853000 ms CreateObjectMapping: 0.595300 ms MarkObjects: 6.701200 ms  DeleteObjects: 5.327000 ms)

Prepare: number of updated asset objects reloaded= 0
========================================================================
Received Prepare
Begin MonoManager ReloadAssembly
Symbol file LoadedFromMemory doesn't match image F:\Users\Nyx\QUT F Drive\Year 4\IGB101\Assignment_3\IGB101_MShaw_A3\Library\PackageCache\com.unity.visualscripting@1.8.0\Editor\VisualScripting.Core\Dependencies\YamlDotNet\Unity.VisualScripting.YamlDotNet.dll
Symbol file LoadedFromMemory doesn't match image F:\Users\Nyx\QUT F Drive\Year 4\IGB101\Assignment_3\IGB101_MShaw_A3\Library\PackageCache\com.unity.visualscripting@1.8.0\Editor\VisualScripting.Core\Dependencies\DotNetZip\Unity.VisualScripting.IonicZip.dll
- Loaded All Assemblies, in  0.944 seconds
Refreshing native plugins compatible for Editor in 1.08 ms, found 3 plugins.
Native extension for WindowsStandalone target not found
Mono: successfully reloaded assembly
- Finished resetting the current domain, in  0.844 seconds
Domain Reload Profiling: 1789ms
	BeginReloadAssembly (289ms)
		ExecutionOrderSort (0ms)
		DisableScriptedObjects (6ms)
		BackupInstance (0ms)
		ReleaseScriptingObjects (0ms)
		CreateAndSetChildDomain (57ms)
	RebuildCommonClasses (51ms)
	RebuildNativeTypeToScriptingClass (19ms)
	initialDomainReloadingComplete (37ms)
	LoadAllAssembliesAndSetupDomain (548ms)
		LoadAssemblies (489ms)
		RebuildTransferFunctionScriptingTraits (0ms)
		AnalyzeDomain (239ms)
			TypeCache.Refresh (7ms)
				TypeCache.ScanAssembly (0ms)
			BuildScriptInfoCaches (221ms)
			ResolveRequiredComponents (6ms)
	FinalizeReload (845ms)
		ReleaseScriptCaches (0ms)
		RebuildScriptCaches (0ms)
		SetupLoadedEditorAssemblies (583ms)
			LogAssemblyErrors (0ms)
			InitializePlatformSupportModulesInManaged (3ms)
			SetLoadedEditorAssemblies (5ms)
			BeforeProcessingInitializeOnLoad (71ms)
			ProcessInitializeOnLoadAttributes (460ms)
			ProcessInitializeOnLoadMethodAttributes (40ms)
			AfterProcessingInitializeOnLoad (4ms)
			EditorAssembliesLoaded (0ms)
		ExecutionOrderSort2 (0ms)
		AwakeInstancesAfterBackupRestoration (14ms)
Refreshing native plugins compatible for Editor in 1.51 ms, found 3 plugins.
Preloading 0 native plugins for Editor in 0.00 ms.
Unloading 31 Unused Serialized files (Serialized files now loaded: 0)
Unloading 5495 unused Assets / (6.3 MB). Loaded Objects now: 6162.
Memory consumption went from 148.9 MB to 142.6 MB.
Total: 16.513300 ms (FindLiveObjects: 1.532500 ms CreateObjectMapping: 1.515800 ms MarkObjects: 8.416200 ms  DeleteObjects: 5.046200 ms)

Prepare: number of updated asset objects reloaded= 0
========================================================================
Received Import Request.
  Time since last request: 2034.888747 seconds.
  path: Assets/Models & Prefabs/Walls and Floors/Models/Wood/Wall-Wood-Model-02.fbx
  artifactKey: Guid(2f16e9f8b47f15443a3e5190d7cc3135) Importer(815301076,1909f56bfc062723c751e8b465ee728b)
Start importing Assets/Models & Prefabs/Walls and Floors/Models/Wood/Wall-Wood-Model-02.fbx using Guid(2f16e9f8b47f15443a3e5190d7cc3135) Importer(815301076,1909f56bfc062723c751e8b465ee728b) (PreviewImporter) -> (artifact id: '8b0737a3a6b538fa2d2c87bc97f16599') in 0.2133688 seconds
Number of updated asset objects reloaded before import = 0Number of asset objects unloaded after import = 10

========================================================================
Received Import Request.
  Time since last request: 0.000030 seconds.
  path: Assets/Models & Prefabs/Walls and Floors/Models/Wood/Wall-Wood-Model-08.fbx
  artifactKey: Guid(f3ed6584d1386d24684fd8330fa2057f) Importer(815301076,1909f56bfc062723c751e8b465ee728b)
Start importing Assets/Models & Prefabs/Walls and Floors/Models/Wood/Wall-Wood-Model-08.fbx using Guid(f3ed6584d1386d24684fd8330fa2057f) Importer(815301076,1909f56bfc062723c751e8b465ee728b) (PreviewImporter) -> (artifact id: 'e60a8b372662fe44dda119c191020407') in 0.0392908 seconds
Number of updated asset objects reloaded before import = 0Number of asset objects unloaded after import = 10

========================================================================
Received Import Request.
  Time since last request: 0.000033 seconds.
  path: Assets/Models & Prefabs/Walls and Floors/Models/Wood/Wall-Wood-Model-07.fbx
  artifactKey: Guid(55bf89779428ca0408a0ac364f64acdc) Importer(815301076,1909f56bfc062723c751e8b465ee728b)
Start importing Assets/Models & Prefabs/Walls and Floors/Models/Wood/Wall-Wood-Model-07.fbx using Guid(55bf89779428ca0408a0ac364f64acdc) Importer(815301076,1909f56bfc062723c751e8b465ee728b) (PreviewImporter) -> (artifact id: '8ccb8ea51da7284cc9de077514423a64') in 0.0470527 seconds
Number of updated asset objects reloaded before import = 0Number of asset objects unloaded after import = 10

========================================================================
Received Prepare
Begin MonoManager ReloadAssembly
Symbol file LoadedFromMemory doesn't match image F:\Users\Nyx\QUT F Drive\Year 4\IGB101\Assignment_3\IGB101_MShaw_A3\Library\PackageCache\com.unity.visualscripting@1.8.0\Editor\VisualScripting.Core\Dependencies\YamlDotNet\Unity.VisualScripting.YamlDotNet.dll
Symbol file LoadedFromMemory doesn't match image F:\Users\Nyx\QUT F Drive\Year 4\IGB101\Assignment_3\IGB101_MShaw_A3\Library\PackageCache\com.unity.visualscripting@1.8.0\Editor\VisualScripting.Core\Dependencies\DotNetZip\Unity.VisualScripting.IonicZip.dll
- Loaded All Assemblies, in  1.007 seconds
Refreshing native plugins compatible for Editor in 1.08 ms, found 3 plugins.
Native extension for WindowsStandalone target not found
Mono: successfully reloaded assembly
- Finished resetting the current domain, in  0.914 seconds
Domain Reload Profiling: 1922ms
	BeginReloadAssembly (312ms)
		ExecutionOrderSort (0ms)
		DisableScriptedObjects (6ms)
		BackupInstance (0ms)
		ReleaseScriptingObjects (0ms)
		CreateAndSetChildDomain (60ms)
	RebuildCommonClasses (56ms)
	RebuildNativeTypeToScriptingClass (20ms)
	initialDomainReloadingComplete (34ms)
	LoadAllAssembliesAndSetupDomain (586ms)
		LoadAssemblies (525ms)
		RebuildTransferFunctionScriptingTraits (0ms)
		AnalyzeDomain (259ms)
			TypeCache.Refresh (9ms)
				TypeCache.ScanAssembly (0ms)
			BuildScriptInfoCaches (237ms)
			ResolveRequiredComponents (7ms)
	FinalizeReload (914ms)
		ReleaseScriptCaches (0ms)
		RebuildScriptCaches (0ms)
		SetupLoadedEditorAssemblies (642ms)
			LogAssemblyErrors (0ms)
			InitializePlatformSupportModulesInManaged (4ms)
			SetLoadedEditorAssemblies (7ms)
			BeforeProcessingInitializeOnLoad (78ms)
			ProcessInitializeOnLoadAttributes (509ms)
			ProcessInitializeOnLoadMethodAttributes (41ms)
			AfterProcessingInitializeOnLoad (3ms)
			EditorAssembliesLoaded (0ms)
		ExecutionOrderSort2 (0ms)
		AwakeInstancesAfterBackupRestoration (12ms)
Refreshing native plugins compatible for Editor in 1.29 ms, found 3 plugins.
Preloading 0 native plugins for Editor in 0.00 ms.
Unloading 31 Unused Serialized files (Serialized files now loaded: 0)
Unloading 5495 unused Assets / (6.3 MB). Loaded Objects now: 6163.
Memory consumption went from 150.9 MB to 144.6 MB.
Total: 12.523000 ms (FindLiveObjects: 1.209300 ms CreateObjectMapping: 0.939500 ms MarkObjects: 6.434000 ms  DeleteObjects: 3.938200 ms)

Prepare: number of updated asset objects reloaded= 0
========================================================================
Received Prepare
Begin MonoManager ReloadAssembly
Symbol file LoadedFromMemory doesn't match image F:\Users\Nyx\QUT F Drive\Year 4\IGB101\Assignment_3\IGB101_MShaw_A3\Library\PackageCache\com.unity.visualscripting@1.8.0\Editor\VisualScripting.Core\Dependencies\YamlDotNet\Unity.VisualScripting.YamlDotNet.dll
Symbol file LoadedFromMemory doesn't match image F:\Users\Nyx\QUT F Drive\Year 4\IGB101\Assignment_3\IGB101_MShaw_A3\Library\PackageCache\com.unity.visualscripting@1.8.0\Editor\VisualScripting.Core\Dependencies\DotNetZip\Unity.VisualScripting.IonicZip.dll
- Loaded All Assemblies, in  0.942 seconds
Refreshing native plugins compatible for Editor in 1.05 ms, found 3 plugins.
Native extension for WindowsStandalone target not found
Mono: successfully reloaded assembly
- Finished resetting the current domain, in  0.859 seconds
Domain Reload Profiling: 1803ms
	BeginReloadAssembly (286ms)
		ExecutionOrderSort (0ms)
		DisableScriptedObjects (6ms)
		BackupInstance (0ms)
		ReleaseScriptingObjects (0ms)
		CreateAndSetChildDomain (59ms)
	RebuildCommonClasses (50ms)
	RebuildNativeTypeToScriptingClass (19ms)
	initialDomainReloadingComplete (37ms)
	LoadAllAssembliesAndSetupDomain (551ms)
		LoadAssemblies (481ms)
		RebuildTransferFunctionScriptingTraits (0ms)
		AnalyzeDomain (245ms)
			TypeCache.Refresh (7ms)
				TypeCache.ScanAssembly (0ms)
			BuildScriptInfoCaches (223ms)
			ResolveRequiredComponents (9ms)
	FinalizeReload (860ms)
		ReleaseScriptCaches (0ms)
		RebuildScriptCaches (0ms)
		SetupLoadedEditorAssemblies (593ms)
			LogAssemblyErrors (0ms)
			InitializePlatformSupportModulesInManaged (3ms)
			SetLoadedEditorAssemblies (5ms)
			BeforeProcessingInitializeOnLoad (76ms)
			ProcessInitializeOnLoadAttributes (460ms)
			ProcessInitializeOnLoadMethodAttributes (46ms)
			AfterProcessingInitializeOnLoad (3ms)
			EditorAssembliesLoaded (0ms)
		ExecutionOrderSort2 (0ms)
		AwakeInstancesAfterBackupRestoration (11ms)
Refreshing native plugins compatible for Editor in 1.24 ms, found 3 plugins.
Preloading 0 native plugins for Editor in 0.00 ms.
Unloading 31 Unused Serialized files (Serialized files now loaded: 0)
Unloading 5495 unused Assets / (6.4 MB). Loaded Objects now: 6164.
Memory consumption went from 152.8 MB to 146.4 MB.
Total: 9.578400 ms (FindLiveObjects: 0.860300 ms CreateObjectMapping: 0.413000 ms MarkObjects: 5.308700 ms  DeleteObjects: 2.995200 ms)

Prepare: number of updated asset objects reloaded= 0
========================================================================
Received Prepare
Begin MonoManager ReloadAssembly
Symbol file LoadedFromMemory doesn't match image F:\Users\Nyx\QUT F Drive\Year 4\IGB101\Assignment_3\IGB101_MShaw_A3\Library\PackageCache\com.unity.visualscripting@1.8.0\Editor\VisualScripting.Core\Dependencies\YamlDotNet\Unity.VisualScripting.YamlDotNet.dll
Symbol file LoadedFromMemory doesn't match image F:\Users\Nyx\QUT F Drive\Year 4\IGB101\Assignment_3\IGB101_MShaw_A3\Library\PackageCache\com.unity.visualscripting@1.8.0\Editor\VisualScripting.Core\Dependencies\DotNetZip\Unity.VisualScripting.IonicZip.dll
- Loaded All Assemblies, in  1.069 seconds
Refreshing native plugins compatible for Editor in 1.40 ms, found 3 plugins.
Native extension for WindowsStandalone target not found
Mono: successfully reloaded assembly
- Finished resetting the current domain, in  1.195 seconds
Domain Reload Profiling: 2266ms
	BeginReloadAssembly (318ms)
		ExecutionOrderSort (0ms)
		DisableScriptedObjects (8ms)
		BackupInstance (0ms)
		ReleaseScriptingObjects (0ms)
		CreateAndSetChildDomain (63ms)
	RebuildCommonClasses (53ms)
	RebuildNativeTypeToScriptingClass (21ms)
	initialDomainReloadingComplete (36ms)
	LoadAllAssembliesAndSetupDomain (641ms)
		LoadAssemblies (589ms)
		RebuildTransferFunctionScriptingTraits (0ms)
		AnalyzeDomain (250ms)
			TypeCache.Refresh (8ms)
				TypeCache.ScanAssembly (0ms)
			BuildScriptInfoCaches (232ms)
			ResolveRequiredComponents (6ms)
	FinalizeReload (1196ms)
		ReleaseScriptCaches (0ms)
		RebuildScriptCaches (0ms)
		SetupLoadedEditorAssemblies (875ms)
			LogAssemblyErrors (0ms)
			InitializePlatformSupportModulesInManaged (3ms)
			SetLoadedEditorAssemblies (6ms)
			BeforeProcessingInitializeOnLoad (87ms)
			ProcessInitializeOnLoadAttributes (725ms)
			ProcessInitializeOnLoadMethodAttributes (49ms)
			AfterProcessingInitializeOnLoad (5ms)
			EditorAssembliesLoaded (0ms)
		ExecutionOrderSort2 (0ms)
		AwakeInstancesAfterBackupRestoration (18ms)
Refreshing native plugins compatible for Editor in 1.32 ms, found 3 plugins.
Preloading 0 native plugins for Editor in 0.00 ms.
Unloading 31 Unused Serialized files (Serialized files now loaded: 0)
Unloading 5495 unused Assets / (7.1 MB). Loaded Objects now: 6165.
Memory consumption went from 154.7 MB to 147.6 MB.
Total: 15.307900 ms (FindLiveObjects: 0.963400 ms CreateObjectMapping: 1.569400 ms MarkObjects: 7.522800 ms  DeleteObjects: 5.250300 ms)

Prepare: number of updated asset objects reloaded= 0
========================================================================
Received Prepare
Begin MonoManager ReloadAssembly
Symbol file LoadedFromMemory doesn't match image F:\Users\Nyx\QUT F Drive\Year 4\IGB101\Assignment_3\IGB101_MShaw_A3\Library\PackageCache\com.unity.visualscripting@1.8.0\Editor\VisualScripting.Core\Dependencies\YamlDotNet\Unity.VisualScripting.YamlDotNet.dll
Symbol file LoadedFromMemory doesn't match image F:\Users\Nyx\QUT F Drive\Year 4\IGB101\Assignment_3\IGB101_MShaw_A3\Library\PackageCache\com.unity.visualscripting@1.8.0\Editor\VisualScripting.Core\Dependencies\DotNetZip\Unity.VisualScripting.IonicZip.dll
- Loaded All Assemblies, in  0.949 seconds
Refreshing native plugins compatible for Editor in 1.04 ms, found 3 plugins.
Native extension for WindowsStandalone target not found
Mono: successfully reloaded assembly
- Finished resetting the current domain, in  0.988 seconds
Domain Reload Profiling: 1940ms
	BeginReloadAssembly (298ms)
		ExecutionOrderSort (0ms)
		DisableScriptedObjects (6ms)
		BackupInstance (0ms)
		ReleaseScriptingObjects (0ms)
		CreateAndSetChildDomain (62ms)
	RebuildCommonClasses (54ms)
	RebuildNativeTypeToScriptingClass (20ms)
	initialDomainReloadingComplete (36ms)
	LoadAllAssembliesAndSetupDomain (544ms)
		LoadAssemblies (486ms)
		RebuildTransferFunctionScriptingTraits (0ms)
		AnalyzeDomain (240ms)
			TypeCache.Refresh (7ms)
				TypeCache.ScanAssembly (0ms)
			BuildScriptInfoCaches (222ms)
			ResolveRequiredComponents (7ms)
	FinalizeReload (989ms)
		ReleaseScriptCaches (0ms)
		RebuildScriptCaches (0ms)
		SetupLoadedEditorAssemblies (720ms)
			LogAssemblyErrors (0ms)
			InitializePlatformSupportModulesInManaged (3ms)
			SetLoadedEditorAssemblies (7ms)
			BeforeProcessingInitializeOnLoad (73ms)
			ProcessInitializeOnLoadAttributes (593ms)
			ProcessInitializeOnLoadMethodAttributes (42ms)
			AfterProcessingInitializeOnLoad (3ms)
			EditorAssembliesLoaded (0ms)
		ExecutionOrderSort2 (0ms)
		AwakeInstancesAfterBackupRestoration (12ms)
Refreshing native plugins compatible for Editor in 1.18 ms, found 3 plugins.
Preloading 0 native plugins for Editor in 0.00 ms.
Unloading 31 Unused Serialized files (Serialized files now loaded: 0)
Unloading 5495 unused Assets / (6.3 MB). Loaded Objects now: 6166.
Memory consumption went from 156.6 MB to 150.4 MB.
Total: 10.291000 ms (FindLiveObjects: 0.831100 ms CreateObjectMapping: 0.417400 ms MarkObjects: 5.295700 ms  DeleteObjects: 3.745200 ms)

Prepare: number of updated asset objects reloaded= 0
========================================================================
Received Prepare
Refreshing native plugins compatible for Editor in 1.17 ms, found 3 plugins.
Preloading 0 native plugins for Editor in 0.00 ms.
Unloading 31 Unused Serialized files (Serialized files now loaded: 0)
Unloading 5491 unused Assets / (6.7 MB). Loaded Objects now: 6167.
Memory consumption went from 156.9 MB to 150.2 MB.
Total: 13.705900 ms (FindLiveObjects: 1.021500 ms CreateObjectMapping: 0.807800 ms MarkObjects: 7.638100 ms  DeleteObjects: 4.236200 ms)

Prepare: number of updated asset objects reloaded= 0
========================================================================
Received Prepare
Begin MonoManager ReloadAssembly
Symbol file LoadedFromMemory doesn't match image F:\Users\Nyx\QUT F Drive\Year 4\IGB101\Assignment_3\IGB101_MShaw_A3\Library\PackageCache\com.unity.visualscripting@1.8.0\Editor\VisualScripting.Core\Dependencies\YamlDotNet\Unity.VisualScripting.YamlDotNet.dll
Symbol file LoadedFromMemory doesn't match image F:\Users\Nyx\QUT F Drive\Year 4\IGB101\Assignment_3\IGB101_MShaw_A3\Library\PackageCache\com.unity.visualscripting@1.8.0\Editor\VisualScripting.Core\Dependencies\DotNetZip\Unity.VisualScripting.IonicZip.dll
- Loaded All Assemblies, in  1.118 seconds
Refreshing native plugins compatible for Editor in 1.17 ms, found 3 plugins.
Native extension for WindowsStandalone target not found
Mono: successfully reloaded assembly
- Finished resetting the current domain, in  0.927 seconds
Domain Reload Profiling: 2048ms
	BeginReloadAssembly (325ms)
		ExecutionOrderSort (0ms)
		DisableScriptedObjects (6ms)
		BackupInstance (0ms)
		ReleaseScriptingObjects (0ms)
		CreateAndSetChildDomain (81ms)
	RebuildCommonClasses (58ms)
	RebuildNativeTypeToScriptingClass (21ms)
	initialDomainReloadingComplete (37ms)
	LoadAllAssembliesAndSetupDomain (679ms)
		LoadAssemblies (619ms)
		RebuildTransferFunctionScriptingTraits (0ms)
		AnalyzeDomain (251ms)
			TypeCache.Refresh (12ms)
				TypeCache.ScanAssembly (1ms)
			BuildScriptInfoCaches (226ms)
			ResolveRequiredComponents (7ms)
	FinalizeReload (928ms)
		ReleaseScriptCaches (0ms)
		RebuildScriptCaches (0ms)
		SetupLoadedEditorAssemblies (641ms)
			LogAssemblyErrors (0ms)
			InitializePlatformSupportModulesInManaged (3ms)
			SetLoadedEditorAssemblies (6ms)
			BeforeProcessingInitializeOnLoad (72ms)
			ProcessInitializeOnLoadAttributes (515ms)
			ProcessInitializeOnLoadMethodAttributes (41ms)
			AfterProcessingInitializeOnLoad (5ms)
			EditorAssembliesLoaded (0ms)
		ExecutionOrderSort2 (0ms)
		AwakeInstancesAfterBackupRestoration (13ms)
Refreshing native plugins compatible for Editor in 1.28 ms, found 3 plugins.
Preloading 0 native plugins for Editor in 0.00 ms.
Unloading 31 Unused Serialized files (Serialized files now loaded: 0)
Unloading 5496 unused Assets / (7.3 MB). Loaded Objects now: 6168.
Memory consumption went from 158.6 MB to 151.2 MB.
Total: 14.547800 ms (FindLiveObjects: 0.914200 ms CreateObjectMapping: 0.681000 ms MarkObjects: 7.889300 ms  DeleteObjects: 5.061000 ms)

Prepare: number of updated asset objects reloaded= 0
========================================================================
Received Import Request.
  Time since last request: 3551.287458 seconds.
  path: Assets/Scripts/GameManager.cs
  artifactKey: Guid(4f71099110d4ad64c90e95c2b4fe2618) Importer(815301076,1909f56bfc062723c751e8b465ee728b)
Start importing Assets/Scripts/GameManager.cs using Guid(4f71099110d4ad64c90e95c2b4fe2618) Importer(815301076,1909f56bfc062723c751e8b465ee728b) (PreviewImporter) -> (artifact id: '686fcdd538a9c31ffc6739328cdb9d95') in 0.0392504 seconds
Number of updated asset objects reloaded before import = 0Number of asset objects unloaded after import = 0

========================================================================
Received Prepare
Refreshing native plugins compatible for Editor in 1.86 ms, found 3 plugins.
Preloading 0 native plugins for Editor in 0.00 ms.
Unloading 31 Unused Serialized files (Serialized files now loaded: 0)
Unloading 5491 unused Assets / (6.7 MB). Loaded Objects now: 6168.
Memory consumption went from 158.8 MB to 152.1 MB.
Total: 16.448000 ms (FindLiveObjects: 0.907500 ms CreateObjectMapping: 0.814200 ms MarkObjects: 8.483100 ms  DeleteObjects: 6.240600 ms)

Prepare: number of updated asset objects reloaded= 0
========================================================================
Received Prepare
Refreshing native plugins compatible for Editor in 1.49 ms, found 3 plugins.
Preloading 0 native plugins for Editor in 0.00 ms.
Unloading 31 Unused Serialized files (Serialized files now loaded: 0)
Unloading 5491 unused Assets / (6.8 MB). Loaded Objects now: 6168.
Memory consumption went from 158.8 MB to 152.0 MB.
Total: 15.381400 ms (FindLiveObjects: 1.145400 ms CreateObjectMapping: 1.525100 ms MarkObjects: 7.854500 ms  DeleteObjects: 4.854800 ms)

Prepare: number of updated asset objects reloaded= 0
========================================================================
Received Import Request.
  Time since last request: 458.458040 seconds.
  path: Assets/Scripts/GameManager.cs
  artifactKey: Guid(4f71099110d4ad64c90e95c2b4fe2618) Importer(815301076,1909f56bfc062723c751e8b465ee728b)
Start importing Assets/Scripts/GameManager.cs using Guid(4f71099110d4ad64c90e95c2b4fe2618) Importer(815301076,1909f56bfc062723c751e8b465ee728b) (PreviewImporter) -> (artifact id: 'ea3e626d12e14e0d56155214642a0ce3') in 0.0128771 seconds
Number of updated asset objects reloaded before import = 0Number of asset objects unloaded after import = 0

========================================================================
Received Prepare
Refreshing native plugins compatible for Editor in 1.22 ms, found 3 plugins.
Preloading 0 native plugins for Editor in 0.00 ms.
Unloading 31 Unused Serialized files (Serialized files now loaded: 0)
Unloading 5492 unused Assets / (6.1 MB). Loaded Objects now: 6169.
Memory consumption went from 158.8 MB to 152.7 MB.
Total: 12.124900 ms (FindLiveObjects: 0.955600 ms CreateObjectMapping: 0.938900 ms MarkObjects: 6.943300 ms  DeleteObjects: 3.284800 ms)

Prepare: number of updated asset objects reloaded= 0
========================================================================
Received Import Request.
  Time since last request: 4175.094935 seconds.
  path: Assets/Models & Prefabs/Models/Original/Stone_display.prefab
  artifactKey: Guid(1f999820da561ae44a94707d9a2fc99c) Importer(815301076,1909f56bfc062723c751e8b465ee728b)
Start importing Assets/Models & Prefabs/Models/Original/Stone_display.prefab using Guid(1f999820da561ae44a94707d9a2fc99c) Importer(815301076,1909f56bfc062723c751e8b465ee728b) (PreviewImporter) -> (artifact id: '9b296c51d2d9836e41816848641a397a') in 0.3641493 seconds
Number of updated asset objects reloaded before import = 0Number of asset objects unloaded after import = 11

========================================================================
Received Import Request.
  Time since last request: 144.216086 seconds.
  path: Assets/Materials and Textures/Objects/banana_tape_material.mat
  artifactKey: Guid(9d923d2bfd00e6e40988f54d5ce81e1c) Importer(815301076,1909f56bfc062723c751e8b465ee728b)
Start importing Assets/Materials and Textures/Objects/banana_tape_material.mat using Guid(9d923d2bfd00e6e40988f54d5ce81e1c) Importer(815301076,1909f56bfc062723c751e8b465ee728b) (PreviewImporter) -> (artifact id: '5cdc949007589fca47b014d2d218e5cb') in 0.121699 seconds
Number of updated asset objects reloaded before import = 0Number of asset objects unloaded after import = 2

========================================================================
Received Import Request.
  Time since last request: 0.000046 seconds.
  path: Assets/Materials and Textures/Objects/Sign_BASE.png
  artifactKey: Guid(4b75a46920386c346a4f4d1e3057b557) Importer(815301076,1909f56bfc062723c751e8b465ee728b)
Start importing Assets/Materials and Textures/Objects/Sign_BASE.png using Guid(4b75a46920386c346a4f4d1e3057b557) Importer(815301076,1909f56bfc062723c751e8b465ee728b) (PreviewImporter) -> (artifact id: '85b4eb9d78af95a609805737f991d8ca') in 0.1654856 seconds
Number of updated asset objects reloaded before import = 0Number of asset objects unloaded after import = 2

Editor requested this worker to shutdown with reason: Scaling down because of idle timeout
AssetImportWorker is now disconnected from the server
Process exiting
Exiting without the bug reporter. Application will terminate with return code 0